[backblue.gif]
[fade.gif]
[index.html]
[localhost/site1/wordpress/feed/index.html]
[localhost/site1/wordpress/comments/feed/index.html]
[localhost/site1/wordpress/wp-includes/js/jquery/jquery.minf43b.js]
[localhost/site1/wordpress/wp-includes/js/jquery/jquery-migrate.min5589.js]
[localhost/site1/wordpress/wp-json/wp/v2/pages/161.json]
[localhost/site1/wordpress/wp-json/index.html]
[localhost/site1/wordpress/xmlrpc0db0.php]
[localhost/site1/wordpress/wp-json/oembed/1.0/embedf3a5.json]
[localhost/site1/wordpress/wp-json/oembed/1.0/embed17c9]
[localhost/site1/wordpress/wp-content/uploads/2023/11/cropped-cropped-logoFA-32x32.png]
[localhost/site1/wordpress/wp-content/uploads/2023/11/cropped-cropped-logoFA-192x192.png]
[localhost/site1/wordpress/wp-content/uploads/2023/11/cropped-cropped-logoFA-180x180.png]
[localhost/site1/wordpress/wp-content/uploads/2023/11/cropped-logoFA.png]
[localhost/site1/wordpress/wp-content/uploads/2023/11/page-one.png]
[localhost/site1/wordpress/wp-content/uploads/2023/11/connection.png]
[localhost/site1/wordpress/wp-content/uploads/2023/11/landing-page-1.png]
[localhost/site1/wordpress/wp-content/uploads/2023/11/image.png]
[localhost/site1/wordpress/wp-content/uploads/2022/04/trophy.png]
[localhost/site1/wordpress/wp-content/uploads/2022/04/employee.png]
[localhost/site1/wordpress/wp-content/uploads/2022/04/employee-1.png]
[localhost/site1/wordpress/wp-content/uploads/2022/04/employee-2.png]
[localhost/site1/wordpress/wp-content/plugins/contact-form-7/includes/swv/js/index080f.js]
[localhost/site1/wordpress/wp-content/plugins/contact-form-7/includes/js/index080f.js]
[localhost/site1/wordpress/wp-includes/js/imagesloaded.minbb93.js]
[localhost/site1/wordpress/wp-content/themes/oceanwp/assets/js/theme.min9d52.js]
[localhost/site1/wordpress/wp-content/themes/oceanwp/assets/js/drop-down-mobile-menu.min9d52.js]
[localhost/site1/wordpress/wp-content/themes/oceanwp/assets/js/vendors/magnific-popup.min9d52.js]
[localhost/site1/wordpress/wp-content/themes/oceanwp/assets/js/ow-lightbox.min9d52.js]
[localhost/site1/wordpress/wp-content/themes/oceanwp/assets/js/vendors/flickity.pkgd.min9d52.js]
[localhost/site1/wordpress/wp-content/themes/oceanwp/assets/js/ow-slider.min9d52.js]
[localhost/site1/wordpress/wp-content/themes/oceanwp/assets/js/scroll-effect.min9d52.js]
[localhost/site1/wordpress/wp-content/themes/oceanwp/assets/js/scroll-top.min9d52.js]
[localhost/site1/wordpress/wp-content/themes/oceanwp/assets/js/select.min9d52.js]
[localhost/site1/wordpress/wp-content/plugins/ocean-social-sharing/assets/js/socialc1b4.js]
[localhost/site1/wordpress/wp-content/plugins/elementor/assets/js/webpack.runtime.min8864.js]
[localhost/site1/wordpress/wp-content/plugins/elementor/assets/js/frontend-modules.min8864.js]
[localhost/site1/wordpress/wp-content/plugins/elementor/assets/lib/waypoints/waypoints.min05da.js]
[localhost/site1/wordpress/wp-includes/js/jquery/ui/core.min3f14.js]
[localhost/site1/wordpress/wp-content/plugins/elementor/assets/js/frontend.min8864.js]
[localhost/site1/wordpress/wp-includes/js/underscore.mind584.js]
[localhost/site1/wordpress/wp-includes/js/wp-util.minaec2.js]
[localhost/site1/wordpress/wp-content/plugins/wpforms-lite/assets/js/integrations/elementor/frontend.minda65.js]
[localhost/site1/wordpress/index.html]
[localhost/site1/wordpress/wp-content/plugins/contact-form-7/includes/css/styles080f.css]
[localhost/site1/wordpress/wp-content/themes/oceanwp/assets/fonts/fontawesome/webfonts/fa-brands-400.eot]
[localhost/site1/wordpress/wp-content/themes/oceanwp/assets/fonts/fontawesome/webfonts/fa-brands-400.woff2]
[localhost/site1/wordpress/wp-content/themes/oceanwp/assets/fonts/fontawesome/webfonts/fa-brands-400d41d.eot]
[localhost/site1/wordpress/wp-content/themes/oceanwp/assets/fonts/fontawesome/webfonts/fa-brands-400.woff]
[localhost/site1/wordpress/wp-content/themes/oceanwp/assets/fonts/fontawesome/webfonts/fa-brands-400.ttf]
[localhost/site1/wordpress/wp-content/themes/oceanwp/assets/fonts/fontawesome/webfonts/fa-regular-400.eot]
[localhost/site1/wordpress/wp-content/themes/oceanwp/assets/fonts/fontawesome/webfonts/fa-regular-400d41d.eot]
[localhost/site1/wordpress/wp-content/themes/oceanwp/assets/fonts/fontawesome/webfonts/fa-regular-400.woff2]
[localhost/site1/wordpress/wp-content/themes/oceanwp/assets/fonts/fontawesome/webfonts/fa-regular-400.woff]
[localhost/site1/wordpress/wp-content/themes/oceanwp/assets/fonts/fontawesome/webfonts/fa-regular-400.ttf]
[localhost/site1/wordpress/wp-content/themes/oceanwp/assets/fonts/fontawesome/webfonts/fa-solid-900.eot]
[localhost/site1/wordpress/wp-content/themes/oceanwp/assets/fonts/fontawesome/webfonts/fa-solid-900.woff2]
[localhost/site1/wordpress/wp-content/themes/oceanwp/assets/fonts/fontawesome/webfonts/fa-solid-900.woff]
[localhost/site1/wordpress/wp-content/themes/oceanwp/assets/fonts/fontawesome/webfonts/fa-solid-900d41d.eot]
[localhost/site1/wordpress/wp-content/themes/oceanwp/assets/fonts/fontawesome/webfonts/fa-solid-900.ttf]
[localhost/site1/wordpress/wp-content/themes/oceanwp/assets/fonts/fontawesome/css/all.min9e0b.css]
[localhost/site1/wordpress/wp-content/themes/oceanwp/assets/fonts/simple-line-icons/Simple-Line-Iconsb26c.eot]
[localhost/site1/wordpress/wp-content/themes/oceanwp/assets/fonts/simple-line-icons/Simple-Line-Iconsb26c.woff2]
[localhost/site1/wordpress/wp-content/themes/oceanwp/assets/fonts/simple-line-icons/Simple-Line-Iconsb26c.ttf]
[localhost/site1/wordpress/wp-content/themes/oceanwp/assets/fonts/simple-line-icons/Simple-Line-Iconsb26c.woff]
[localhost/site1/wordpress/wp-content/themes/oceanwp/assets/css/third/simple-line-icons.min8d5a.css]
[localhost/site1/wordpress/wp-content/themes/oceanwp/assets/css/style.min9d52.css]
[localhost/site1/wordpress/wp-content/plugins/elementor/assets/lib/eicons/fonts/eicons9506.eot]
[localhost/site1/wordpress/wp-content/plugins/elementor/assets/lib/eicons/fonts/eicons9506.woff2]
[localhost/site1/wordpress/wp-content/plugins/elementor/assets/lib/eicons/fonts/eicons9506.woff]
[localhost/site1/wordpress/wp-content/plugins/elementor/assets/lib/eicons/fonts/eicons9506.ttf]
[localhost/site1/wordpress/wp-content/plugins/elementor/assets/lib/eicons/css/elementor-icons.min192d.css]
[localhost/site1/wordpress/wp-content/plugins/elementor/assets/css/frontend-lite.min8864.css]
[localhost/site1/wordpress/wp-content/plugins/elementor/assets/lib/swiper/v8/css/swiper.min94a4.css]
[localhost/site1/wordpress/wp-content/uploads/elementor/css/post-637a2.css]
[localhost/site1/wordpress/wp-content/uploads/2023/11/pexels-tom-fisk-14014229-1-scaled.jpg]
[localhost/site1/wordpress/wp-content/uploads/2023/11/an-image-showing-some-frontend-code-in-a-computer-upscaled-768x439.jpg]
[localhost/site1/wordpress/wp-content/uploads/elementor/css/post-161a665.css]
[localhost/site1/wordpress/wp-content/plugins/ocean-extra/assets/img/instagram-logo.png]
[localhost/site1/wordpress/wp-content/plugins/ocean-extra/assets/css/widgetsaec2.css]
[localhost/site1/wordpress/wp-content/plugins/ocean-extra/assets/img/flickr.png]
[localhost/site1/wordpress/wp-content/plugins/ocean-social-sharing/assets/css/style.minaec2.css]
[localhost/site1/wordpress/wp-content/plugins/elementor/assets/lib/font-awesome/css/fontawesome.min52d5.css]
[localhost/site1/wordpress/wp-content/plugins/elementor/assets/lib/font-awesome/webfonts/fa-solid-900.eot]
[localhost/site1/wordpress/wp-content/plugins/elementor/assets/lib/font-awesome/webfonts/fa-solid-900.woff2]
[localhost/site1/wordpress/wp-content/plugins/elementor/assets/lib/font-awesome/webfonts/fa-solid-900d41d.eot]
[localhost/site1/wordpress/wp-content/plugins/elementor/assets/lib/font-awesome/webfonts/fa-solid-900.woff]
[localhost/site1/wordpress/wp-content/plugins/elementor/assets/lib/font-awesome/webfonts/fa-solid-900.ttf]
[localhost/site1/wordpress/wp-content/plugins/elementor/assets/lib/font-awesome/css/solid.min52d5.css]
[localhost/site1/wordpress/wp-json/wp/v2/pages/294.json]
[localhost/site1/wordpress/wp-json/oembed/1.0/embed571a.json]
[localhost/site1/wordpress/wp-json/oembed/1.0/embed743d]
[localhost/site1/wordpress/site-one-page/index.html]
[localhost/site1/wordpress/wp-content/uploads/2016/10/blog-04.jpg]
[localhost/site1/wordpress/wp-json/wp/v2/pages/883.json]
[localhost/site1/wordpress/wp-json/oembed/1.0/embed0e36.json]
[localhost/site1/wordpress/wp-json/oembed/1.0/embed4a92]
[localhost/site1/wordpress/site-multi-page/index.html]
[localhost/site1/wordpress/wp-json/wp/v2/pages/885.json]
[localhost/site1/wordpress/wp-json/oembed/1.0/embeda7c0.json]
[localhost/site1/wordpress/wp-json/oembed/1.0/embed114e]
[localhost/site1/wordpress/wp-content/uploads/2023/11/wisita-exemplo-landing-page.png.webp]
[localhost/site1/wordpress/wp-content/uploads/2023/11/modelo-de-landing-page-2.jpg]
[localhost/site1/wordpress/wp-content/uploads/2023/11/exemplo-de-landing-page-endeavor-700x322-1.webp]
[localhost/site1/wordpress/wp-content/uploads/2023/11/image6_pagina_epica_landing_page-pt_br-mw-v1.png]
[localhost/site1/wordpress/wp-content/uploads/2023/11/modelos-landing-page-rd-station.jpg]
[localhost/site1/wordpress/wp-content/uploads/2023/11/header.png]
[localhost/site1/wordpress/wp-content/uploads/2023/11/exemplo-landing-page-syhus.png]
[localhost/site1/wordpress/landing-page/index.html]
[localhost/site1/wordpress/wp-json/wp/v2/pages/887.json]
[localhost/site1/wordpress/wp-json/oembed/1.0/embed08ad.json]
[localhost/site1/wordpress/wp-json/oembed/1.0/embedf02a]
[localhost/site1/wordpress/thumbnail/index.html]
[localhost/site1/wordpress/wp-json/wp/v2/pages/354.json]
[localhost/site1/wordpress/wp-json/oembed/1.0/embeda9c5.json]
[localhost/site1/wordpress/wp-json/oembed/1.0/embed854a]
[localhost/site1/wordpress/wp-content/plugins/wpforms-lite/assets/lib/jquery.validate.min7e9d.js]
[localhost/site1/wordpress/wp-content/plugins/wpforms-lite/assets/lib/mailcheck.mincfa9.js]
[localhost/site1/wordpress/wp-content/plugins/wpforms-lite/assets/lib/punycode.min8a54.js]
[localhost/site1/wordpress/wp-content/plugins/wpforms-lite/assets/js/utils.minda65.js]
[localhost/site1/wordpress/wp-content/plugins/wpforms-lite/assets/js/wpforms.minda65.js]
[localhost/site1/wordpress/wp-content/plugins/wpforms-lite/assets/js/wpforms-modern.minda65.js]
[localhost/site1/wordpress/contato/index.html]
[localhost/site1/wordpress/wp-content/themes/oceanwp/assets/fonts/fontawesome/webfonts/fa-brands-400.svg]
[localhost/site1/wordpress/wp-content/themes/oceanwp/assets/fonts/fontawesome/webfonts/fa-regular-400.svg]
[localhost/site1/wordpress/wp-content/themes/oceanwp/assets/fonts/fontawesome/webfonts/fa-solid-900.svg]
[localhost/site1/wordpress/wp-content/themes/oceanwp/assets/fonts/simple-line-icons/Simple-Line-Iconsb26c.svg]
[localhost/site1/wordpress/wp-content/plugins/elementor/assets/lib/eicons/fonts/eicons9506.svg]
[localhost/site1/wordpress/wp-content/plugins/elementor/assets/lib/font-awesome/webfonts/fa-solid-900.svg]
[localhost/site1/wordpress/wp-content/uploads/elementor/css/post-294cda1.css]
[localhost/site1/wordpress/indexe2aa.html]
[localhost/site1/wordpress/wp-content/uploads/elementor/css/post-883cda1.css]
[localhost/site1/wordpress/indexa34f.html]
[localhost/site1/wordpress/wp-content/uploads/2023/11/an-arrow-target-in-the-center-focalised-with-borders-out-of-focal-with-an-arrow-reaching-the-goal-1200x700.jpg]
[localhost/site1/wordpress/wp-content/uploads/elementor/css/post-885f028.css]
[localhost/site1/wordpress/index0c42.html]
[localhost/site1/wordpress/wp-content/plugins/elementor/assets/lib/animations/animations.min8864.css]
[localhost/site1/wordpress/wp-content/uploads/elementor/css/post-887f028.css]
[localhost/site1/wordpress/index8eb0.html]
[localhost/site1/wordpress/wp-content/uploads/elementor/css/post-354ee85.css]
[localhost/site1/wordpress/indexca25.html]
[localhost/site1/wordpress/wp-content/plugins/wpforms-lite/assets/css/frontend/modern/wpforms-full.minda65.css]
